// Jest Snapshot v1, https://goo.gl/fbAQLP

exports[`Should render LoginPage 1`] = `
<div
  className="main-bg d-flex"
>
  <div
    className="d-flex"
  >
    <div
      className="login-box mr-auto ml-auto mt-auto mb-auto text-center px-0 py-4 blur"
    >
      <h1
        className="login-title m-0 mb-3 font-weight-bold motto"
      >
        Boilerplate
      </h1>
      <h6
        className="motto font-italic"
      >
        tag gline
      </h6>
      <button
        className="btn btn-primary mt-2"
      >
        Log In with Google
      </button>
    </div>
  </div>
</div>
`;
